// Jest Snapshot v1, https://goo.gl/fbAQLP

exports[`Modal matches snapshot 1`] = `
<DocumentFragment>
  <div
    class="sc-bdvvtL ffOZty"
  >
    <div
      class="sc-gsDKAQ bucHQF"
    >
      Modal test
    </div>
    <div
      class="sc-dkPtRN eGuCUl"
    />
  </div>
</DocumentFragment>
`;
