// Jest Snapshot v1, https://goo.gl/fbAQLP

exports[`PipeTile when receives a valid pipe matches the snapshot 1`] = `
<DocumentFragment>
  <div
    class="sc-bdvvtL kfAtnd"
  >
    A pipe
  </div>
</DocumentFragment>
`;
