// Jest Snapshot v1, https://goo.gl/fbAQLP

exports[`Modal matches snapshot 1`] = `
<DocumentFragment>
  <button
    class="sc-bdvvtL hOFFMg"
    role="button"
  >
    Modal test
  </button>
</DocumentFragment>
`;
